ok   2016-01_02: p.130 solution + mask(148 clues) + ocr(148 cells) [10s]
ok   2016-03_04: p.130 solution + mask(76 clues) [12s]
ok   2016-05_06: p.130 solution + mask(78 clues) [15s]
ok   2016-08: p.130 solution + mask(108 clues) + ocr(108 cells) [13s]
ok   2016-09_10: p.130 solution + mask(112 clues) + ocr(112 cells) [12s]
ok   2016-11_12: p.130 solution + mask(88 clues) [14s]
ok   2006-01: p.79 mask(121 clues) [8s]
ok   2006-02: p.79 mask(125 clues) [8s]
ok   2006-03: p.79 mask(119 clues) [8s]
FAIL Elektor[nonlinear.ir] 2006-04.pdf: no hexadoku grids found [2s]
HANG Elektor[nonlinear.ir] 2006-05.pdf [killed]
ok   2006-06: p.77 mask(126 clues) [10s]
ok   2006-09: p.77 mask(115 clues) [10s]
ok   2006-10: p.77 mask(120 clues) [10s]
ok   2006-11: p.77 mask(122 clues) [12s]
ok   2006-12: p.108 mask(82 clues) [17s]
HANG Elektornonlinear.ir2007-01.pdf [killed]
HANG Elektornonlinear.ir2007-02.pdf [killed]
ok   2007-03: p.84 mask(88 clues) [21s]
ok   2007-04: p.86 mask(72 clues) [16s]
ok   2007-05: p.76 mask(114 clues) [13s]
ok   2007-06: p.76 mask(117 clues) + ocr(117 cells) [29s]
ok   2007-07_08: p.141 mask(169 clues) + ocr(97 cells) [10s]
ok   2007-09: p.76 mask(117 clues) [8s]
ok   2007-10: p.76 mask(200 clues) + ocr(140 cells) [11s]
ok   2007-11: p.76 mask(118 clues) + ocr(118 cells) + solution-ocr(255 cells) [9s]
ok   2007-12: p.100 mask(123 clues) + ocr(123 cells) + solution-ocr(256 cells) [11s]
ok   2008-01: p.78 mask(127 clues) + ocr(127 cells) + solution-ocr(256 cells) [15s]
ok   2008-02: p.76 mask(125 clues) + ocr(124 cells) + solution-ocr(256 cells) [14s]
ok   2008-03: p.74 mask(117 clues) + ocr(117 cells) + solution-ocr(256 cells) [13s]
ok   2008-04: p.76 mask(116 clues) + ocr(116 cells) + solution-ocr(255 cells) [13s]
ok   2008-05: p.76 mask(124 clues) + ocr(123 cells) + solution-ocr(256 cells) [12s]
ok   2008-06: p.76 mask(117 clues) + ocr(116 cells) + solution-ocr(255 cells) [14s]
FAIL Elektornonlinear.ir2008-07_08.pdf: no hexadoku grids found [4s]
ok   2008-09: p.76 mask(128 clues) + ocr(128 cells) + solution-ocr(256 cells) [8s]
ok   2008-10: p.75 mask(119 clues) + ocr(117 cells) [9s]
ok   2008-11: p.76 mask(128 clues) + ocr(127 cells) + solution-ocr(255 cells) [16s]
ok   2008-12: p.100 mask(120 clues) + ocr(118 cells) + solution-ocr(255 cells) [8s]
ok   2009-01: p.76 mask(123 clues) + ocr(123 cells) + solution-ocr(256 cells) [13s]
ok   2009-02: p.76 mask(125 clues) + ocr(126 cells) + solution-ocr(256 cells) [12s]
ok   2009-03: p.76 mask(120 clues) + ocr(120 cells) + solution-ocr(256 cells) [11s]
ok   2009-04: p.74 mask(117 clues) + ocr(117 cells) + solution-ocr(254 cells) [12s]
ok   2009-05: p.76 mask(130 clues) + ocr(130 cells) + solution-ocr(256 cells) [11s]
ok   2009-06: p.73 mask(122 clues) + ocr(122 cells) + solution-ocr(256 cells) [14s]
ok   2009-07_08: p.124 mask(77 clues) + ocr(95 cells) [16s]
ok   2009-09: p.76 mask(122 clues) + ocr(122 cells) + solution-ocr(254 cells) [11s]
ok   2009-10: p.74 mask(197 clues) + ocr(234 cells) [7s]
ok   2009-11: p.74 mask(119 clues) + ocr(118 cells) + solution-ocr(251 cells) [7s]
ok   2009-12: p.74 mask(121 clues) + ocr(121 cells) + solution-ocr(251 cells) [13s]
ok   2010-01: p.74 mask(122 clues) + ocr(121 cells) + solution-ocr(249 cells) [6s]
