ok   2016-01_02: p.130 solution + mask(148 clues) + ocr(148 cells) [10s]
ok   2016-03_04: p.130 solution + mask(111 clues) + ocr(111 cells) [10s]
ok   2016-05_06: p.130 solution + mask(91 clues) + ocr(91 cells) [12s]
ok   2016-11_12: p.130 solution + mask(88 clues) [11s]
FAIL Elektor[nonlinear.ir] 2006-04.pdf: no hexadoku grids found [2s]
HANG Elektor[nonlinear.ir] 2006-05.pdf [killed]
ok   2006-12: p.108 mask(82 clues) [15s]
HANG Elektornonlinear.ir2007-01.pdf [killed]
HANG Elektornonlinear.ir2007-02.pdf [killed]
FAIL Elektornonlinear.ir2008-07_08.pdf: no hexadoku grids found [4s]
ok   2009-07_08: p.124 mask(77 clues) + ocr(95 cells) [10s]
ok   2009-10: p.74 mask(197 clues) + ocr(234 cells) [7s]
FAIL Elektornonlinear.ir2010-04.pdf: no hexadoku grids found [4s]
FAIL Elektornonlinear.ir2010-05.pdf: no hexadoku grids found [5s]
FAIL Elektornonlinear.ir2010-09.pdf: no hexadoku grids found [3s]
FAIL Elektornonlinear.ir2010-11.pdf: no hexadoku grids found [4s]
FAIL Elektornonlinear.ir2010-7_8.pdf: no hexadoku grids found [3s]
ok   2011-03: p.75 solution + mask(73 clues) + ocr(73 cells) [8s]
ok   2011-05: p.75 mask(108 clues) + ocr(107 cells) + solution-ocr(256 cells) [28s]
FAIL Elektornonlinear.ir2011-06.pdf: pdftotext: exit status 1:  [1s]
ok   2011-07_08: p.109 mask(78 clues) + ocr(78 cells) [6s]
HANG Elektornonlinear.ir2011-09.pdf [killed]
HANG Elektornonlinear.ir2011-10.pdf [killed]
HANG Elektornonlinear.ir2013-11.pdf [killed]
FAIL Elektornonlinear.ir2014-12.pdf: pdftotext: exit status 1:  [1s]
ok   2015-05_06: p.130 solution + mask(116 clues) + ocr(113 cells) [14s]
ok   2015-07_08: p.130 solution + mask(97 clues) + ocr(97 cells) [11s]
ok   2015-09_10: p.130 solution + mask(112 clues) + ocr(110 cells) [15s]
ok   2015-11_12: p.130 solution + mask(94 clues) + ocr(91 cells) [14s]
BATCH-DONE
