ok   2016-01_02: p.130 solution + mask(148 clues) + ocr(148 cells) [12s]
ok   2016-03_04: p.130 solution + mask(117 clues) + ocr(117 cells) [15s]
ok   2016-05_06: p.130 solution + mask(98 clues) + ocr(98 cells) [19s]
ok   2016-08: p.130 solution + mask(108 clues) + ocr(108 cells) [13s]
ok   2016-09_10: p.130 solution + mask(112 clues) + ocr(112 cells) [20s]
ok   2016-11_12: p.130 solution + mask(88 clues) [11s]
FAIL Elektor[nonlinear.ir] 2006-04.pdf: no hexadoku grids found [4s]
HANG Elektor[nonlinear.ir] 2006-05.pdf [killed]
HANG Elektornonlinear.ir2007-01.pdf [killed]
HANG Elektornonlinear.ir2007-02.pdf [killed]
FAIL Elektornonlinear.ir2008-07_08.pdf: no hexadoku grids found [8s]
FAIL Elektornonlinear.ir2010-04.pdf: no hexadoku grids found [5s]
FAIL Elektornonlinear.ir2010-05.pdf: no hexadoku grids found [5s]
FAIL Elektornonlinear.ir2010-09.pdf: no hexadoku grids found [4s]
FAIL Elektornonlinear.ir2010-11.pdf: no hexadoku grids found [4s]
FAIL Elektornonlinear.ir2010-7_8.pdf: no hexadoku grids found [3s]
FAIL Elektornonlinear.ir2011-06.pdf: pdftotext: exit status 1:  [1s]
HANG Elektornonlinear.ir2011-09.pdf [killed]
HANG Elektornonlinear.ir2011-10.pdf [killed]
HANG Elektornonlinear.ir2013-11.pdf [killed]
FAIL Elektornonlinear.ir2014-12.pdf: pdftotext: exit status 1:  [1s]
ok   2015-03_04: p.130 solution + mask(116 clues) + ocr(116 cells) [11s]
ok   2015-05_06: p.130 solution + mask(144 clues) + ocr(141 cells) [17s]
ok   2015-07_08: p.130 solution + mask(110 clues) + ocr(110 cells) [15s]
ok   2015-09_10: p.130 solution + mask(124 clues) + ocr(122 cells) [18s]
ok   2015-11_12: p.130 solution + mask(112 clues) + ocr(115 cells) [19s]
BATCH-DONE
